2026-09-08 13:44:05 | INFO | config_parser.py:283 | resolve_app_config | Loading config: E:\LRZ_Workplace\fork\memory_eval_pipeline\results\memeval_v0_1\reme\reme-full-20260908-132206\reme_bm25.yaml
Traceback (most recent call last):
  File "C:\Users\liruizhi\AppData\Local\Programs\Python\Python312\Lib\asyncio\runners.py", line 118, in run
    return self._loop.run_until_complete(task)
           ^^^^^^^^^^^^^^^^^^^^^^^^^^^^^^^^^^^
  File "C:\Users\liruizhi\AppData\Local\Programs\Python\Python312\Lib\asyncio\base_events.py", line 691, in run_until_complete
    return future.result()
           ^^^^^^^^^^^^^^^
  File "E:\LRZ_Workplace\fork\ReMe\reme\utils\service_utils.py", line 18, in find_reme
    async for _ in client(action="health_check"):
  File "E:\LRZ_Workplace\fork\ReMe\reme\components\client\base_client.py", line 40, in __call__
    async for chunk in self._execute(action, kwargs):
  File "E:\LRZ_Workplace\fork\ReMe\reme\components\client\http_client.py", line 133, in _execute
    async for chunk in self._iter_stream_chunks(action, payload):
  File "E:\LRZ_Workplace\fork\ReMe\reme\components\client\http_client.py", line 61, in _iter_stream_chunks
    async with self.client.stream("POST", f"/{action}", json=payload) as resp:
               ^^^^^^^^^^^^^^^^^^^^^^^^^^^^^^^^^^^^^^^^^^^^^^^^^^^^^^
  File "C:\Users\liruizhi\AppData\Local\Programs\Python\Python312\Lib\contextlib.py", line 210, in __aenter__
    return await anext(self.gen)
           ^^^^^^^^^^^^^^^^^^^^^
  File "C:\Users\liruizhi\AppData\Local\Programs\Python\Python312\Lib\site-packages\httpx\_client.py", line 1583, in stream
    response = await self.send(
               ^^^^^^^^^^^^^^^^
  File "C:\Users\liruizhi\AppData\Local\Programs\Python\Python312\Lib\site-packages\httpx\_client.py", line 1629, in send
    response = await self._send_handling_auth(
               ^^^^^^^^^^^^^^^^^^^^^^^^^^^^^^^
  File "C:\Users\liruizhi\AppData\Local\Programs\Python\Python312\Lib\site-packages\httpx\_client.py", line 1657, in _send_handling_auth
    response = await self._send_handling_redirects(
               ^^^^^^^^^^^^^^^^^^^^^^^^^^^^^^^^^^^^
  File "C:\Users\liruizhi\AppData\Local\Programs\Python\Python312\Lib\site-packages\httpx\_client.py", line 1694, in _send_handling_redirects
    response = await self._send_single_request(request)
               ^^^^^^^^^^^^^^^^^^^^^^^^^^^^^^^^^^^^^^^^
  File "C:\Users\liruizhi\AppData\Local\Programs\Python\Python312\Lib\site-packages\httpx\_client.py", line 1730, in _send_single_request
    response = await transport.handle_async_request(request)
               ^^^^^^^^^^^^^^^^^^^^^^^^^^^^^^^^^^^^^^^^^^^^^
  File "C:\Users\liruizhi\AppData\Local\Programs\Python\Python312\Lib\site-packages\httpx\_transports\default.py", line 394, in handle_async_request
    resp = await self._pool.handle_async_request(req)
           ^^^^^^^^^^^^^^^^^^^^^^^^^^^^^^^^^^^^^^^^^^
  File "C:\Users\liruizhi\AppData\Local\Programs\Python\Python312\Lib\site-packages\httpcore\_async\connection_pool.py", line 256, in handle_async_request
    raise exc from None
  File "C:\Users\liruizhi\AppData\Local\Programs\Python\Python312\Lib\site-packages\httpcore\_async\connection_pool.py", line 236, in handle_async_request
    response = await connection.handle_async_request(
               ^^^^^^^^^^^^^^^^^^^^^^^^^^^^^^^^^^^^^^
  File "C:\Users\liruizhi\AppData\Local\Programs\Python\Python312\Lib\site-packages\httpcore\_async\connection.py", line 101, in handle_async_request
    raise exc
  File "C:\Users\liruizhi\AppData\Local\Programs\Python\Python312\Lib\site-packages\httpcore\_async\connection.py", line 76, in handle_async_request
    async with self._request_lock:
               ^^^^^^^^^^^^^^^^^^
  File "C:\Users\liruizhi\AppData\Local\Programs\Python\Python312\Lib\site-packages\httpcore\_synchronization.py", line 77, in __aenter__
    await self._anyio_lock.acquire()
  File "C:\Users\liruizhi\AppData\Local\Programs\Python\Python312\Lib\site-packages\anyio\_backends\_asyncio.py", line 1893, in acquire
    await AsyncIOBackend.cancel_shielded_checkpoint()
  File "C:\Users\liruizhi\AppData\Local\Programs\Python\Python312\Lib\site-packages\anyio\_backends\_asyncio.py", line 2521, in cancel_shielded_checkpoint
    await sleep(0)
  File "C:\Users\liruizhi\AppData\Local\Programs\Python\Python312\Lib\asyncio\tasks.py", line 656, in sleep
    await __sleep0()
  File "C:\Users\liruizhi\AppData\Local\Programs\Python\Python312\Lib\asyncio\tasks.py", line 650, in __sleep0
    yield
asyncio.exceptions.CancelledError

During handling of the above exception, another exception occurred:

Traceback (most recent call last):
  File "<frozen runpy>", line 198, in _run_module_as_main
  File "<frozen runpy>", line 88, in _run_code
  File "C:\Users\liruizhi\AppData\Local\Programs\Python\Python312\Scripts\reme.exe\__main__.py", line 7, in <module>
  File "E:\LRZ_Workplace\fork\ReMe\reme\reme.py", line 115, in main
    _start_application(kwargs, environment)
  File "E:\LRZ_Workplace\fork\ReMe\reme\reme.py", line 96, in _start_application
    if should_precheck_start(kwargs) and not precheck_start(kwargs.get("service")):
                                             ^^^^^^^^^^^^^^^^^^^^^^^^^^^^^^^^^^^^^
  File "E:\LRZ_Workplace\fork\ReMe\reme\utils\service_utils.py", line 136, in precheck_start
    status = asyncio.run(find_reme(host, port))
             ^^^^^^^^^^^^^^^^^^^^^^^^^^^^^^^^^^
  File "C:\Users\liruizhi\AppData\Local\Programs\Python\Python312\Lib\asyncio\runners.py", line 195, in run
    return runner.run(main)
           ^^^^^^^^^^^^^^^^
  File "C:\Users\liruizhi\AppData\Local\Programs\Python\Python312\Lib\asyncio\runners.py", line 123, in run
    raise KeyboardInterrupt()
KeyboardInterrupt
2026-09-08 13:46:27 | INFO | config_parser.py:283 | resolve_app_config | Loading config: E:\LRZ_Workplace\fork\memory_eval_pipeline\results\memeval_v0_1\reme\reme-full-20260908-132206\reme_bm25.yaml
2026-09-08 13:46:30 | INFO | application.py:41 | __init__ | Initializing ReMe Application v0.4.1.8
2026-09-08 13:46:30 | INFO | base_service.py:93 | add_jobs | Added job: health_check
2026-09-08 13:46:30 | INFO | base_service.py:93 | add_jobs | Added job: reindex
2026-09-08 13:46:30 | INFO | base_service.py:93 | add_jobs | Added job: search
INFO:     Started server process [12572]
INFO:     Waiting for application startup.
2026-09-08 13:46:30 | INFO | local_file_store.py:181 | load | default: chunk store load complete: chunks=0, elapsed=0.000s
2026-09-08 13:46:30 | INFO | local_file_store.py:188 | load | default: graph consistency check complete: repaired=False, elapsed=0.000s
2026-09-08 13:46:30 | INFO | local_file_store.py:197 | load | default: BM25/keyword index sync complete: backend=BM25Index, docs=0, elapsed=0.000s
2026-09-08 13:46:30 | INFO | local_file_store.py:201 | load | default: file store load phases complete: elapsed=0.000s
2026-09-08 13:46:30 | INFO | local_file_store.py:84 | _start | default: file store load complete: chunks=0, elapsed=0.000s
2026-09-08 13:46:30 | INFO | local_file_store.py:270 | _start_embedding_backfill | default: embedding backfill skipped: reason=embedding_disabled, elapsed=0.000s
2026-09-08 13:46:30 | INFO | local_file_store.py:91 | _start | default: embedding backfill scheduling complete: scheduled=False, elapsed=0.000s
2026-09-08 13:46:30 | INFO | local_file_store.py:96 | _start | default: file store startup complete: elapsed=0.000s
2026-09-08 13:46:30 | INFO | base_service.py:65 | lifespan | HttpService started: REME_SERVICE_INFO={"host": "127.0.0.1", "port": 25000}
INFO:     Application startup complete.
INFO:     Uvicorn running on http://127.0.0.1:25000 (Press CTRL+C to quit)
2026-09-08 13:46:30 | INFO | health_check.py:201 | execute | [HealthCheckStep] health collected: {'version': '0.4.1.8', 'healthy': True, 'components': {'embedding_store': {}, 'file_graph': {'default': {'is_started': True, 'n_nodes': 0, 'n_edges': 0, 'n_pending': 0, 'memory': '0.00 MB'}}, 'file_store': {'default': {'is_started': True, 'n_chunks': 0, 'n_chunks_with_embedding': 0, 'memory': '0.00 MB'}}, 'keyword_index': {'default': {'is_started': True, 'n_docs': 0, 'vocab_size': 0, 'memory': '0.00 MB'}}}}
INFO:     127.0.0.1:53496 - "POST /health_check HTTP/1.1" 200 OK
2026-09-08 13:46:30 | INFO | clear_store.py:15 | execute | [ClearStoreStep] cleared file_store
2026-09-08 13:46:30 | INFO | init_changes.py:75 | execute | [InitChangesStep] scan file_store:default: {'added': 45, 'modified': 0, 'deleted': 0}
2026-09-08 13:46:30 | INFO | update_changes.py:101 | _apply_existing | Detected 45 added file(s)
2026-09-08 13:46:31 | INFO | update_changes.py:257 | _flush_upsert_batch | Applying added batch to file_store: files=45 estimated_bytes=5777952
2026-09-08 13:46:31 | INFO | local_file_store.py:541 | dump | Saved 74 chunks to E:\LRZ_Workplace\fork\memory_eval_pipeline\results\memeval_v0_1\reme\reme-full-20260908-132206\system_work\namespaces\e68654437d00fb66\metadata\file_store\file_chunks_default_v1.jsonl.zst
2026-09-08 13:46:31 | INFO | bm25_index.py:366 | dump | Saved 74 docs to E:\LRZ_Workplace\fork\memory_eval_pipeline\results\memeval_v0_1\reme\reme-full-20260908-132206\system_work\namespaces\e68654437d00fb66\metadata\keyword_index\bm25_default_regex_70d42d4264ea_v1.pkl
2026-09-08 13:46:31 | INFO | local_file_graph.py:45 | dump | Saved 45 nodes to E:\LRZ_Workplace\fork\memory_eval_pipeline\results\memeval_v0_1\reme\reme-full-20260908-132206\system_work\namespaces\e68654437d00fb66\metadata\file_graph\default.jsonl.zst
INFO:     127.0.0.1:53499 - "POST /reindex HTTP/1.1" 200 OK
2026-09-08 13:46:31 | INFO | health_check.py:201 | execute | [HealthCheckStep] health collected: {'version': '0.4.1.8', 'healthy': True, 'components': {'embedding_store': {}, 'file_graph': {'default': {'is_started': True, 'n_nodes': 45, 'n_edges': 0, 'n_pending': 2, 'memory': '0.04 MB'}}, 'file_store': {'default': {'is_started': True, 'n_chunks': 74, 'n_chunks_with_embedding': 0, 'memory': '0.59 MB'}}, 'keyword_index': {'default': {'is_started': True, 'n_docs': 74, 'vocab_size': 7285, 'memory': '4.01 MB'}}}}
INFO:     127.0.0.1:53500 - "POST /health_check HTTP/1.1" 200 OK
2026-09-08 13:46:31 | INFO | search.py:227 | execute | [SearchStep] query='How much discount will I get on my next purchase at FreshMart?' candidates=50 vector_hits=0 keyword_hits=8
INFO:     127.0.0.1:53501 - "POST /search HTTP/1.1" 200 OK
